/home/NagaiYoru/LLM_tuning/IRIS_search/arxiv_search.py:27: DeprecationWarning: The 'Search.results' method is deprecated, use 'Client.results' instead
  for result in search.results():
搜索查询: neutrino OR juno OR dune OR hyper-kamiokande OR super-kamiokande OR icecube OR sno OR kamland OR borexino

http://arxiv.org/abs/2603.12242v1 -> 2026-03-12 17:56:19+00:00 -> 2026-03-12 17:56:19+00:00 -> Factorization vs. Non-Factorization: S-Matrix Corrections for Precision Neutrino Physics -> [arxiv.Result.Author('D. Delepine'), arxiv.Result.Author('A. Yebra')] -> The standard treatment of neutrino oscillations usually relies on factorization which assumes neutrino production, propagation, and detection are independent processes. As a consequence, the total probability is given by the product of production, oscillation and detection probabilities. As next-generation experiments are bringing neutrino physics to a high level of precision, the validity of this assumption must be checked. We present an S matrix treatment of the entire experimental chain, pion decay, neutrino propagation, and nucleon interaction, as a single, coherent quantum process. Our results reveal non-factorizable terms arising from spin and angular correlations between production and detection final states.In the $ΔL=0$ channel, these corrections introduce a $\sim 1\%$ systematic shift in the energy spectrum and a non-vanishing azimuthal asymmetry, important to be taken into account for precision measurements of $δ_{CP}$. For the $ΔL=2$ Majorana channel, we demonstrate that the S-matrix formalism is generating an azimuthal modulation that provides a direct way to access to the Majorana CP phases, which remain hidden in standard factorized effective mass approximations. -> 10 pages -> None -> None -> hep-ph -> ['hep-ph'] -> https://arxiv.org/pdf/2603.12242v1
http://arxiv.org/abs/2603.12192v1 -> 2026-03-12 17:23:14+00:00 -> 2026-03-12 17:23:14+00:00 -> Neutrino Flavor Evolution in High Flux Astrophysical Environments -> [arxiv.Result.Author('Joseph Carlson'), arxiv.Result.Author('Alessandro Roggero'), arxiv.Result.Author('Duff Neill')] -> We examine neutrino evolution in astrophysical environments where the neutrino flux is very large, including core-collapse supernovae and neutron star mergers. In these environments, the neutrino-neutrino and neutrino-antineutrino interactions are crucial. We include non-forward scattering of neutrinos and anti-neutrinos in a semi-classical treatment. Because of the large scale of neutrino momenta (2-10 MeV), the quantum evolution problem can be treated as a sum over incoherent paths in the and flavor of each neutrino. The phases between different neutrinos are essentially random because of the large kinetic terms. Momentum is conserved at each vertex, and important flavor symmetries are retained. Dynamics in the many-body neutrino system enable rapid equilibration in the energy and angular distributions of all flavors, and an equilibration of products of neutrino and anti-neutrino densities for each flavor at either large or zero background matter density. We also describe the evolution at moderate densities where the mass eigenstates differ for neutrinos and antineutrinos, and with time-varying background matter densities. The evolution maintains relevant symmetries and reduces to standard MSW oscillations in the appropriate limits. The rapid equilibration in energy and flavor can significantly impact energy deposition and nucleosynthesis in high-flux astrophysical environments, and potentially flavor energy relations in terrestrial supernovae neutrino observations. -> 15 pages, 10 figures -> None -> None -> hep-ph -> ['hep-ph'] -> https://arxiv.org/pdf/2603.12192v1
http://arxiv.org/abs/2603.11341v1 -> 2026-03-11 22:14:19+00:00 -> 2026-03-11 22:14:19+00:00 -> Unified Flavor: Lattice Quantization, Chain Locality, and a Dynamical Origin of Hierarchical Yukawas -> [arxiv.Result.Author('Vernon Barger')] -> We present Unified Flavor (UF), a framework that synthesizes the $B$-lattice flavor hierarchy with a dynamical realization based on TeV-scale vectorlike fermion (VLF) chains. Hierarchical Yukawa couplings arise from discrete ninths-quantized lattice exponents enforced by a single flavon $Φ$ with $ε\equiv\langleΦ\rangle/Λ=1/B$, $B=75/14$. Effective Yukawa entries are generated as algebraic path sums along nearest-neighbor chains of vectorlike quarks (VLQs), factorizing into entry, chain-propagation, and exit amplitudes controlled by the discrete gauge charges. A multi-messenger structure -- in which each Yukawa entry receives coherent contributions from several chain configurations -- generates O(1) complex coefficients whose phases are the physical origin of CP violation. We derive a general chain-inversion theorem, perform systematic perturbative diagonalization of both up- and down-type Yukawa textures, and show that the Cabibbo--Kobayashi--Maskawa (CKM) mixing hierarchy and CP-phase structure emerge naturally from the lattice exponent algebra and multi-messenger interference. All six quark masses are reproduced with O(1) coefficients that are essentially unity. The chain locality simultaneously suppresses dangerous flavor-changing neutral currents (FCNCs) and satisfies electroweak precision constraints, while requiring VLQs with masses in the multi-TeV range accessible at the High-Luminosity Large Hadron Collider (HL-LHC). The same discrete gauge symmetry that enforces the lattice structure also protects the Peccei--Quinn axion quality, unifying flavor, CP violation, and the strong CP problem. The framework extends to the lepton sector, reproducing charged-lepton mass hierarchies, the normal-ordered neutrino spectrum, and PMNS mixing with a predictive two-branch octant--$δ$ correlation testable at DUNE and Hyper-Kamiokande. -> None -> None -> None -> hep-ph -> ['hep-ph', 'hep-ex'] -> https://arxiv.org/pdf/2603.11341v1
http://arxiv.org/abs/2603.11272v1 -> 2026-03-11 20:06:10+00:00 -> 2026-03-11 20:06:10+00:00 -> Neutrino Spectral Pinching in 3D Core-Collapse Supernovae: Late-Time Convergence, Failed-Explosion Signatures, and Viewing-Angle Dispersion -> [arxiv.Result.Author('Nicolás Viaux M')] -> We present a systematic survey of the neutrino spectral pinching parameter alpha_p(t, M, n-hat) across the Princeton Fornax ensemble of 3D core-collapse supernova simulations. We analyze 25 simulations spanning progenitor masses 8.1-100 M_sun with
  durations up to 8.47 s post-bounce, computed with the Fornax code and the SFHo equation of state. The pinching parameter alpha_p = (2^2 - E_rms^2)/(E_rms^2 - ^2) is derived from 12-bin spectral moments on a 128x256 sky grid for three neutrino
  species, enabling time- and angle-resolved spectral characterization.
  Four results emerge. (1) The nu-bar_e pinching floor is alpha_p = 1.92 +/- 0.10 (N=13 long-running models), lying 0.2-0.4 below 1D predictions due to 3D PNS convection. (2) Both BH-forming models (12.25, 14 M_sun) show anti-pinching (alpha_p <
  0.9) before collapse, with deficit Delta alpha_p ~ 0.65 visible from t = 0.5 s. (3) Two of six long-running models exhibit a hierarchy reversal ( > ) after t = 5 s; leptonic flavors carry (40 +/- 3)% of radiated energy. (4) The LESA dipole is
  suppressed by >3x in BH-forming models; viewing-angle spread Delta alpha_p(68%) ~ 0.8-1.5 dominates spectral-inversion uncertainty. Mollweide sky maps reveal coherent angular structures with alpha_p anticorrelated with luminosity and correlated
  with mean energy.
  Detection rates at Hyper-Kamiokande, DUNE, JUNO, and IceCube yield 8-12% NMO/IMO discrimination during Kelvin-Helmholtz cooling. The late-time nu-bar_e pinching floor represents the first 3D characterization of spectral convergence during
  Kelvin-Helmholtz cooling, lying 0.2-0.4 below 1D predictions, a direct signature of 3D PNS convective transport -> None -> None -> None -> astro-ph.HE -> ['astro-ph.HE'] -> https://arxiv.org/pdf/2603.11272v1
http://arxiv.org/abs/2603.11158v1 -> 2026-03-11 18:00:00+00:00 -> 2026-03-11 18:00:00+00:00 -> Comprehensive Effective Field Theory Analysis for Baryon Number Violating Processes -> [arxiv.Result.Author('Chuan-Qiang Song'), arxiv.Result.Author('Jiang-Hao Yu')] -> Baryon number-violating processes arise generically in many extensions of the Standard Model, with Grand Unified Theories providing the most compelling realizations. Ongoing experimental searches at JUNO, Hyper-K, and DUNE motivate a more precise and model-independent analysis utilizing the effective field theory (EFT) framework capable of connecting ultraviolet dynamics to low-energy hadronic observables. In this work, we perform a pipeline analysis that connects baryon number-violating (BNV) new physics to its low-energy description through the Standard Model EFT (SMEFT) up to dimension nine and the Low-Energy EFT (LEFT) up to dimension eight, and subsequently matches onto chiral perturbation theory using a systematic spurion method. We show that the complete set of dimension-eight LEFT operators enables the inclusion of the full set of chiral representations for three-quark operators with derivatives, which are also embedded in the chiral Lagrangian after quark-hadron matching. By contrast, the conventional dimension-six operators generate only the $(\bar{\mathbf{3}},\mathbf{3})$ and $(\mathbf{8},\mathbf{1})$ representations. The higher dimensional LEFT operators should be matched from higher order SMEFT operators, and thus a wider class of UV completions are allowed. We consider the complete tree-level UV resonances for dimension 6 and 7 SMEFT operators, and representative UVs for higher dimension operators. -> 38 pages, 9 tables, 1 figure -> None -> None -> hep-ph -> ['hep-ph', 'nucl-th'] -> https://arxiv.org/pdf/2603.11158v1
http://arxiv.org/abs/2603.10787v1 -> 2026-03-11 14:00:06+00:00 -> 2026-03-11 14:00:06+00:00 -> Measuring neutrino mass in light of ACT DR6 and DESI DR2 -> [arxiv.Result.Author('Lu Feng'), arxiv.Result.Author('Tian-Nuo Li'), arxiv.Result.Author('Guo-Hong Du'), arxiv.Result.Author('Jing-Fei Zhang'), arxiv.Result.Author('Xin Zhang')] -> The recent release of high-precision cosmological data, particularly the small-scale cosmic microwave background (CMB) measurements from ACT and baryon acoustic oscillation (BAO) data from DESI, has opened a new landscape for probing the neutrino mass. In this work, we present updated constraints on the total neutrino mass, $\sum m_ν$, and its hierarchy within the $Λ$CDM, $w$CDM, holographic dark energy (HDE), and $w_0w_a$CDM models, using the latest ACT DR6, DESI DR2, and DESY5 datasets. We find that the upper limits on $\sum m_ν$ are critically governed by the evolutionary behavior of the dark energy equation of state. Specifically, models exhibiting early-time quintessence features (e.g., HDE) yield the most stringent constraints, whereas those allowing for early-time phantom behavior (e.g., $w_0w_a$CDM) result in significantly looser bounds. Despite these model-dependent variations, we observe a robust hierarchy dependence across all scenarios, where the inverted hierarchy consistently yields weaker constraints and the degenerate hierarchy consistently yields tightest constraints. Our analysis demonstrates that the improved small-scale CMB information from ACT, combined with high-precision BAO data, systematically tightens the limits on $\sum m_ν$, providing a crucial benchmark for future neutrino mass measurement. -> 10 pages, 3 figures -> None -> None -> astro-ph.CO -> ['astro-ph.CO', 'gr-qc', 'hep-ph'] -> https://arxiv.org/pdf/2603.10787v1
http://arxiv.org/abs/2603.10760v1 -> 2026-03-11 13:35:07+00:00 -> 2026-03-11 13:35:07+00:00 -> Auroral Acceleration Generates Electron Beams in Jupiter's Middle Magnetosphere -> [arxiv.Result.Author('June Piasecki'), arxiv.Result.Author('Joachim Saur'), arxiv.Result.Author('George Clark'), arxiv.Result.Author('Barry H. Mauk'), arxiv.Result.Author('Annika Salveter'), arxiv.Result.Author('Jamey Szalay')] -> Observations made by the Juno spacecraft above Jupiter's polar regions have revealed that electrons accelerated toward Jupiter, which contribute to auroral emissions, are frequently accompanied by electrons accelerated away from Jupiter. These electrons should be observable as narrow electron beams in the middle magnetosphere, in accordance with the principles of adiabatic particle motion. The existence of such beams has been previously reported using data from the Galileo mission, and their relation to auroral processes has been hypothesized. In the present study, we analyze electrons measured by Juno's JEDI instrument in the middle magnetosphere between 13 RJ and 50.5 RJ radial distance and within energies of 30-1,200 keV. The pitch angle distributions of potential electron beams are fitted with an intensity 'beamness' function. The presence of narrow beams is demonstrated throughout the observation range. The energy fluxes of auroral and equatorial electron beams are compared by including pitch angle scattering processes along the magnetospheric field lines. This is achieved by solving the pitch angle diffusion equation for different sets of diffusion coefficients. The statistical occurrence distribution and the energy fluxes of the beams are consistent with auroral upward accelerated electrons observed in studies of the polar space environment. This finding provides further support for the hypothesis that the electron beams observed in the middle magnetosphere originate from the auroral acceleration region. -> None -> None -> 10.1029/2025JA034984 -> physics.space-ph -> ['physics.space-ph'] -> https://arxiv.org/pdf/2603.10760v1
http://arxiv.org/abs/2603.10167v1 -> 2026-03-10 19:00:00+00:00 -> 2026-03-10 19:00:00+00:00 -> Neutrinos from extreme astrophysical sources -> [arxiv.Result.Author('Xavier Rodrigues')] -> In this paper I review recent results on high-energy neutrino astronomy and what they can reveal about some of the most extreme cosmic accelerators. I discuss recent measurements of the diffuse TeV-PeV cosmic neutrino spectrum by the IceCube observatory and the current flux limits in the ultra-high-energy regime, contextualizing the recent detection of an ultra-high-energy neutrino by the KM3NeT observatory. I review the recent emergence of a TeV signal from nearby Seyfert galaxies such as NGC 1068, the potential of $γ$-ray blazars as neutrino sources above the PeV regime, and the current status of tidal disruption events and other transient classes as possible neutrino sources. For each of these topics, I discuss ongoing developments in source models and their current limitations. I argue for the indispensable role of next-generation multi-messenger facilities, such as IceCube-Gen2, in solidifying current source associations, probing the ultra-high-energy regime, and resolving vast transient populations that remain unidentified with current statistics. -> None -> New Astron.Rev. 102 (2026) 101747 -> 10.1016/j.newar.2026.101747 -> astro-ph.HE -> ['astro-ph.HE'] -> https://arxiv.org/pdf/2603.10167v1
http://arxiv.org/abs/2603.10114v1 -> 2026-03-10 18:00:02+00:00 -> 2026-03-10 18:00:02+00:00 -> Stodolsky effect in the framework of Generalised Neutrino Interactions -> [arxiv.Result.Author('Siddhartha Bandyopadhyay'), arxiv.Result.Author('Ujjal Kumar Dey')] -> We study the Stodolsky effect utilizing the most general form of neutrino interactions with electrons below the electroweak scale by considering all possible Lorentz invariant operators respecting SU(3)$\otimes$U(1) symmetry. We perform our calculation for both Dirac and Majorana neutrinos and find that in the most general setting, only the non-standard neutrino interactions and the tensor interaction terms provide a non-zero contribution, apart from the Standard Model contribution. We investigate the implications for the possible detection of the cosmic neutrino background (C$ν$B) by analysing the energy shifts that are characteristic of the Stodolsky effect. We also discuss the implication of considerable asymmetry in the C$ν$B on the present scenario. -> 24 pages, 4 figures, 2 tables -> None -> None -> hep-ph -> ['hep-ph', 'astro-ph.CO'] -> https://arxiv.org/pdf/2603.10114v1
http://arxiv.org/abs/2603.09973v1 -> 2026-03-10 17:59:20+00:00 -> 2026-03-10 17:59:20+00:00 -> /home/NagaiYoru/LLM_tuning/IRIS_search/arxiv_search.py:31: DeprecationWarning: The 'Search.results' method is deprecated, use 'Client.results' instead
  for result in search.results():
Probing Physics Beyond the Standard Model through Combined Analyses of Next-Generation Type Ia Supernova, CMB, and BAO Surveys -> [arxiv.Result.Author('Srinivasan Raghunathan'), arxiv.Result.Author('Ayan Mitra'), arxiv.Result.Author('Nikolina Šarčević'), arxiv.Result.Author('Fei Ge'), arxiv.Result.Author('Corentin Ravoux'), arxiv.Result.Author('Christos Georgiou'), arxiv.Result.Author('Renée Hložek'), arxiv.Result.Author('Richard Kessler'), arxiv.Result.Author('Gautham Narayan'), arxiv.Result.Author('Paul Rogozenski'), arxiv.Result.Author('Paul Shah'), arxiv.Result.Author('Georgios Valogiannis'), arxiv.Result.Author('Joaquin Vieira'), arxiv.Result.Author('the LSST Dark Energy Science Collaboration')] -> Observations of Type Ia supernovae (SNIa), baryon acoustic oscillations (BAO), and the cosmic microwave background (CMB), which probe the late-, intermediate-, and early-universe epochs, respectively, provide complementary constraints on the expansion history of the Universe. In this work, we forecast constraints on dark energy and other extensions to the standard cosmological model by combining the SNIa sample expected from the Vera C. Rubin Observatory's Legacy Survey of Space and Time (LSST), data from current and forthcoming CMB surveys, and BAO measurements from the Dark Energy Spectroscopic Instrument (DESI). For the CMB, we use temperature, polarization, and lensing power spectra ($TT/EE/TE/φφ$) from South Pole Telescope, the planned Advanced Simons Observatory, and a CMB-S4-like experiment. We derive constraints on $Λ{\rm CDM}$ and its extensions involving the dark energy equation of state parameters $(w_{0}, w_{a})$ and the sum of neutrino masses $\sum m_ν$, using a Markov Chain Monte Carlo (MCMC) sampling framework. We find that the LSST Year-3 SNIa sample can improve upon the DES Year-5 dark energy constraints by a factor of $\times2-\times2.5$, with the gains driven primarily by the significantly higher SNIa density in the LSST sample. Similarly, DESI-DR3 shows up to a $\times1.8$ improvement on dark energy parameters over DR2, driven largely by the substantial increase in low-redshift sample. Combining CMB with LSST-Y3-SNIa and DESI-DR3-BAO yields $σ(w_{0}) = 0.028$ and $σ(w_{a}) = 0.11$ for $w_{0} w_{a} {\rm CDM}$ cosmology with the results being largely independent of the CMB dataset. The constraints weaken by 10%-30% when freeing $\sum m_ν$ and spatial curvature. Moreover, the joint analysis of the three datasets can enable a $2-3σ$ detection of $\sum m_ν$. -> 23 pages, 13 figures; Comments welcome; The likelihood code, associated data products, and plotting scripts can be downloaded from https://github.com/sriniraghunathan/CMB_BAO_SNe_likelihoods -> None -> None -> astro-ph.CO -> ['astro-ph.CO'] -> https://arxiv.org/pdf/2603.09973v1
已下载: Factorization vs. Non-Factorization: S-Matrix Corrections for Precision Neutrino Physics
已下载: Neutrino Flavor Evolution in High Flux Astrophysical Environments
已下载: Unified Flavor: Lattice Quantization, Chain Locality, and a Dynamical Origin of Hierarchical Yukawas
已下载: Neutrino Spectral Pinching in 3D Core-Collapse Supernovae: Late-Time Convergence, Failed-Explosion Signatures, and Viewing-Angle Dispersion
已下载: Comprehensive Effective Field Theory Analysis for Baryon Number Violating Processes
已下载: Measuring neutrino mass in light of ACT DR6 and DESI DR2
已下载: Auroral Acceleration Generates Electron Beams in Jupiter's Middle Magnetosphere
已下载: Neutrinos from extreme astrophysical sources
已下载: Stodolsky effect in the framework of Generalised Neutrino Interactions
已下载: Probing Physics Beyond the Standard Model through Combined Analyses of Next-Generation Type Ia Supernova, CMB, and BAO Surveys
